Analysis & Synthesis report for Practica4
Tue Mar  5 01:15:10 2024
Quartus Prime Version 22.1std.0 Build 915 10/25/2022 SC Lite Edition


---------------------
; Table of Contents ;
---------------------
  1. Legal Notice
  2. Analysis & Synthesis Summary
  3. Analysis & Synthesis Settings
  4. Parallel Compilation
  5. Analysis & Synthesis Source Files Read
  6. Analysis & Synthesis Resource Usage Summary
  7. Analysis & Synthesis Resource Utilization by Entity
  8. Registers Removed During Synthesis
  9. Removed Registers Triggering Further Register Optimizations
 10. General Register Statistics
 11. Parameter Settings for User Entity Instance: DAC:inst14
 12. Parameter Settings for User Entity Instance: DivF:inst4
 13. Parameter Settings for User Entity Instance: DivF:inst5
 14. Parameter Settings for User Entity Instance: DivF:inst6
 15. Parameter Settings for User Entity Instance: DivF:inst7
 16. Post-Synthesis Netlist Statistics for Top Partition
 17. Elapsed Time Per Partition
 18. Analysis & Synthesis Messages



----------------
; Legal Notice ;
----------------
Copyright (C) 2022  Intel Corporation. All rights reserved.
Your use of Intel Corporation's design tools, logic functions 
and other software and tools, and any partner logic 
functions, and any output files from any of the foregoing 
(including device programming or simulation files), and any 
associated documentation or information are expressly subject 
to the terms and conditions of the Intel Program License 
Subscription Agreement, the Intel Quartus Prime License Agreement,
the Intel FPGA IP License Agreement, or other applicable license
agreement, including, without limitation, that your use is for
the sole purpose of programming logic devices manufactured by
Intel and sold by Intel or its authorized distributors.  Please
refer to the applicable agreement for further details, at
https://fpgasoftware.intel.com/eula.



+-------------------------------------------------------------------------------------+
; Analysis & Synthesis Summary                                                        ;
+------------------------------------+------------------------------------------------+
; Analysis & Synthesis Status        ; Successful - Tue Mar  5 01:15:10 2024          ;
; Quartus Prime Version              ; 22.1std.0 Build 915 10/25/2022 SC Lite Edition ;
; Revision Name                      ; Practica4                                      ;
; Top-level Entity Name              ; Practica4                                      ;
; Family                             ; MAX 10                                         ;
; Total logic elements               ; 0                                              ;
;     Total combinational functions  ; 0                                              ;
;     Dedicated logic registers      ; 0                                              ;
; Total registers                    ; 0                                              ;
; Total pins                         ; 5                                              ;
; Total virtual pins                 ; 0                                              ;
; Total memory bits                  ; 0                                              ;
; Embedded Multiplier 9-bit elements ; 0                                              ;
; Total PLLs                         ; 0                                              ;
; UFM blocks                         ; 0                                              ;
; ADC blocks                         ; 0                                              ;
+------------------------------------+------------------------------------------------+


+------------------------------------------------------------------------------------------------------------+
; Analysis & Synthesis Settings                                                                              ;
+------------------------------------------------------------------+--------------------+--------------------+
; Option                                                           ; Setting            ; Default Value      ;
+------------------------------------------------------------------+--------------------+--------------------+
; Device                                                           ; 10M50DAF484C7G     ;                    ;
; Top-level entity name                                            ; Practica4          ; Practica4          ;
; Family name                                                      ; MAX 10             ; Cyclone V          ;
; Use smart compilation                                            ; Off                ; Off                ;
; Enable parallel Assembler and Timing Analyzer during compilation ; On                 ; On                 ;
; Enable compact report table                                      ; Off                ; Off                ;
; Restructure Multiplexers                                         ; Auto               ; Auto               ;
; Create Debugging Nodes for IP Cores                              ; Off                ; Off                ;
; Preserve fewer node names                                        ; On                 ; On                 ;
; Intel FPGA IP Evaluation Mode                                    ; Enable             ; Enable             ;
; Verilog Version                                                  ; Verilog_2001       ; Verilog_2001       ;
; VHDL Version                                                     ; VHDL_1993          ; VHDL_1993          ;
; State Machine Processing                                         ; Auto               ; Auto               ;
; Safe State Machine                                               ; Off                ; Off                ;
; Extract Verilog State Machines                                   ; On                 ; On                 ;
; Extract VHDL State Machines                                      ; On                 ; On                 ;
; Ignore Verilog initial constructs                                ; Off                ; Off                ;
; Iteration limit for constant Verilog loops                       ; 5000               ; 5000               ;
; Iteration limit for non-constant Verilog loops                   ; 250                ; 250                ;
; Add Pass-Through Logic to Inferred RAMs                          ; On                 ; On                 ;
; Infer RAMs from Raw Logic                                        ; On                 ; On                 ;
; Parallel Synthesis                                               ; On                 ; On                 ;
; DSP Block Balancing                                              ; Auto               ; Auto               ;
; NOT Gate Push-Back                                               ; On                 ; On                 ;
; Power-Up Don't Care                                              ; On                 ; On                 ;
; Remove Redundant Logic Cells                                     ; Off                ; Off                ;
; Remove Duplicate Registers                                       ; On                 ; On                 ;
; Ignore CARRY Buffers                                             ; Off                ; Off                ;
; Ignore CASCADE Buffers                                           ; Off                ; Off                ;
; Ignore GLOBAL Buffers                                            ; Off                ; Off                ;
; Ignore ROW GLOBAL Buffers                                        ; Off                ; Off                ;
; Ignore LCELL Buffers                                             ; Off                ; Off                ;
; Ignore SOFT Buffers                                              ; On                 ; On                 ;
; Limit AHDL Integers to 32 Bits                                   ; Off                ; Off                ;
; Optimization Technique                                           ; Balanced           ; Balanced           ;
; Carry Chain Length                                               ; 70                 ; 70                 ;
; Auto Carry Chains                                                ; On                 ; On                 ;
; Auto Open-Drain Pins                                             ; On                 ; On                 ;
; Perform WYSIWYG Primitive Resynthesis                            ; Off                ; Off                ;
; Auto ROM Replacement                                             ; On                 ; On                 ;
; Auto RAM Replacement                                             ; On                 ; On                 ;
; Auto DSP Block Replacement                                       ; On                 ; On                 ;
; Auto Shift Register Replacement                                  ; Auto               ; Auto               ;
; Allow Shift Register Merging across Hierarchies                  ; Auto               ; Auto               ;
; Auto Clock Enable Replacement                                    ; On                 ; On                 ;
; Strict RAM Replacement                                           ; Off                ; Off                ;
; Allow Synchronous Control Signals                                ; On                 ; On                 ;
; Force Use of Synchronous Clear Signals                           ; Off                ; Off                ;
; Auto RAM Block Balancing                                         ; On                 ; On                 ;
; Auto RAM to Logic Cell Conversion                                ; Off                ; Off                ;
; Auto Resource Sharing                                            ; Off                ; Off                ;
; Allow Any RAM Size For Recognition                               ; Off                ; Off                ;
; Allow Any ROM Size For Recognition                               ; Off                ; Off                ;
; Allow Any Shift Register Size For Recognition                    ; Off                ; Off                ;
; Use LogicLock Constraints during Resource Balancing              ; On                 ; On                 ;
; Ignore translate_off and synthesis_off directives                ; Off                ; Off                ;
; Timing-Driven Synthesis                                          ; On                 ; On                 ;
; Report Parameter Settings                                        ; On                 ; On                 ;
; Report Source Assignments                                        ; On                 ; On                 ;
; Report Connectivity Checks                                       ; On                 ; On                 ;
; Ignore Maximum Fan-Out Assignments                               ; Off                ; Off                ;
; Synchronization Register Chain Length                            ; 2                  ; 2                  ;
; Power Optimization During Synthesis                              ; Normal compilation ; Normal compilation ;
; HDL message level                                                ; Level2             ; Level2             ;
; Suppress Register Optimization Related Messages                  ; Off                ; Off                ;
; Number of Removed Registers Reported in Synthesis Report         ; 5000               ; 5000               ;
; Number of Swept Nodes Reported in Synthesis Report               ; 5000               ; 5000               ;
; Number of Inverted Registers Reported in Synthesis Report        ; 100                ; 100                ;
; Clock MUX Protection                                             ; On                 ; On                 ;
; Auto Gated Clock Conversion                                      ; Off                ; Off                ;
; Block Design Naming                                              ; Auto               ; Auto               ;
; SDC constraint protection                                        ; Off                ; Off                ;
; Synthesis Effort                                                 ; Auto               ; Auto               ;
; Shift Register Replacement - Allow Asynchronous Clear Signal     ; On                 ; On                 ;
; Pre-Mapping Resynthesis Optimization                             ; Off                ; Off                ;
; Analysis & Synthesis Message Level                               ; Medium             ; Medium             ;
; Disable Register Merging Across Hierarchies                      ; Auto               ; Auto               ;
; Resource Aware Inference For Block RAM                           ; On                 ; On                 ;
+------------------------------------------------------------------+--------------------+--------------------+


+------------------------------------------+
; Parallel Compilation                     ;
+----------------------------+-------------+
; Processors                 ; Number      ;
+----------------------------+-------------+
; Number detected on machine ; 12          ;
; Maximum allowed            ; 12          ;
;                            ;             ;
; Average used               ; 1.00        ;
; Maximum used               ; 1           ;
;                            ;             ;
; Usage by Processor         ; % Time Used ;
;     Processor 1            ; 100.0%      ;
+----------------------------+-------------+


+----------------------------------------------------------------------------------------------------------------------------------------------------------------------------------------------------------------------+
; Analysis & Synthesis Source Files Read                                                                                                                                                                               ;
+----------------------------------+-----------------+------------------------------------+------------------------------------------------------------------------------------------------------------------+---------+
; File Name with User-Entered Path ; Used in Netlist ; File Type                          ; File Name with Absolute Path                                                                                     ; Library ;
+----------------------------------+-----------------+------------------------------------+------------------------------------------------------------------------------------------------------------------+---------+
; suma.vhd                         ; yes             ; User VHDL File                     ; C:/Users/crisb/OneDrive/Documentos -/Uni/7mo y 8vo semestre/Diseno digital VLSI/Quartus/Practica 4/suma.vhd      ;         ;
; lut.vhd                          ; yes             ; User VHDL File                     ; C:/Users/crisb/OneDrive/Documentos -/Uni/7mo y 8vo semestre/Diseno digital VLSI/Quartus/Practica 4/lut.vhd       ;         ;
; DivF.vhd                         ; yes             ; User VHDL File                     ; C:/Users/crisb/OneDrive/Documentos -/Uni/7mo y 8vo semestre/Diseno digital VLSI/Quartus/Practica 4/DivF.vhd      ;         ;
; DAC.vhd                          ; yes             ; User VHDL File                     ; C:/Users/crisb/OneDrive/Documentos -/Uni/7mo y 8vo semestre/Diseno digital VLSI/Quartus/Practica 4/DAC.vhd       ;         ;
; Cont.vhd                         ; yes             ; User VHDL File                     ; C:/Users/crisb/OneDrive/Documentos -/Uni/7mo y 8vo semestre/Diseno digital VLSI/Quartus/Practica 4/Cont.vhd      ;         ;
; Practica4.bdf                    ; yes             ; User Block Diagram/Schematic File  ; C:/Users/crisb/OneDrive/Documentos -/Uni/7mo y 8vo semestre/Diseno digital VLSI/Quartus/Practica 4/Practica4.bdf ;         ;
+----------------------------------+-----------------+------------------------------------+------------------------------------------------------------------------------------------------------------------+---------+


+-------------------------------------------------------------+
; Analysis & Synthesis Resource Usage Summary                 ;
+---------------------------------------------+---------------+
; Resource                                    ; Usage         ;
+---------------------------------------------+---------------+
;                                             ;               ;
; Total combinational functions               ; 0             ;
; Logic element usage by number of LUT inputs ;               ;
;     -- 4 input functions                    ; 0             ;
;     -- 3 input functions                    ; 0             ;
;     -- <=2 input functions                  ; 0             ;
;                                             ;               ;
; Logic elements by mode                      ;               ;
;     -- normal mode                          ; 0             ;
;     -- arithmetic mode                      ; 0             ;
;                                             ;               ;
; Total registers                             ; 0             ;
;     -- Dedicated logic registers            ; 0             ;
;     -- I/O registers                        ; 0             ;
;                                             ;               ;
; I/O pins                                    ; 5             ;
;                                             ;               ;
; Embedded Multiplier 9-bit elements          ; 0             ;
;                                             ;               ;
; Maximum fan-out node                        ; Filtro~output ;
; Maximum fan-out                             ; 1             ;
; Total fan-out                               ; 5             ;
; Average fan-out                             ; 0.50          ;
+---------------------------------------------+---------------+


+------------------------------------------------------------------------------------------------------------------------------------------------------------------------------------------------------------------------------------+
; Analysis & Synthesis Resource Utilization by Entity                                                                                                                                                                                ;
+----------------------------+---------------------+---------------------------+-------------+------------+--------------+---------+-----------+------+--------------+------------+---------------------+-------------+--------------+
; Compilation Hierarchy Node ; Combinational ALUTs ; Dedicated Logic Registers ; Memory Bits ; UFM Blocks ; DSP Elements ; DSP 9x9 ; DSP 18x18 ; Pins ; Virtual Pins ; ADC blocks ; Full Hierarchy Name ; Entity Name ; Library Name ;
+----------------------------+---------------------+---------------------------+-------------+------------+--------------+---------+-----------+------+--------------+------------+---------------------+-------------+--------------+
; |Practica4                 ; 0 (0)               ; 0 (0)                     ; 0           ; 0          ; 0            ; 0       ; 0         ; 5    ; 0            ; 0          ; |Practica4          ; Practica4   ; work         ;
+----------------------------+---------------------+---------------------------+-------------+------------+--------------+---------+-----------+------+--------------+------------+---------------------+-------------+--------------+
Note: For table entries with two numbers listed, the numbers in parentheses indicate the number of resources of the given type used by the specific entity alone. The numbers listed outside of parentheses indicate the total resources of the given type used by the specific entity and all of its sub-entities in the hierarchy.


+---------------------------------------------------------------------------------+
; Registers Removed During Synthesis                                              ;
+----------------------------------------+----------------------------------------+
; Register name                          ; Reason for Removal                     ;
+----------------------------------------+----------------------------------------+
; DAC:inst14|SIGMA_LATCH[0..30]          ; Merged with DAC:inst14|SIGMA_LATCH[31] ;
; DAC:inst14|SIGMA_LATCH[31,33]          ; Stuck at GND due to stuck port data_in ;
; DAC:inst14|DAC_OUT                     ; Stuck at GND due to stuck port data_in ;
; DAC:inst14|SIGMA_LATCH[32]             ; Stuck at GND due to stuck port data_in ;
; Total Number of Removed Registers = 35 ;                                        ;
+----------------------------------------+----------------------------------------+


+-------------------------------------------------------------------------------------------------------------------------------------+
; Removed Registers Triggering Further Register Optimizations                                                                         ;
+----------------------------+---------------------------+----------------------------------------------------------------------------+
; Register name              ; Reason for Removal        ; Registers Removed due to This Register                                     ;
+----------------------------+---------------------------+----------------------------------------------------------------------------+
; DAC:inst14|SIGMA_LATCH[31] ; Stuck at GND              ; DAC:inst14|SIGMA_LATCH[33], DAC:inst14|DAC_OUT, DAC:inst14|SIGMA_LATCH[32] ;
;                            ; due to stuck port data_in ;                                                                            ;
+----------------------------+---------------------------+----------------------------------------------------------------------------+


+------------------------------------------------------+
; General Register Statistics                          ;
+----------------------------------------------+-------+
; Statistic                                    ; Value ;
+----------------------------------------------+-------+
; Total registers                              ; 0     ;
; Number of registers using Synchronous Clear  ; 0     ;
; Number of registers using Synchronous Load   ; 0     ;
; Number of registers using Asynchronous Clear ; 0     ;
; Number of registers using Asynchronous Load  ; 0     ;
; Number of registers using Clock Enable       ; 0     ;
; Number of registers using Preset             ; 0     ;
+----------------------------------------------+-------+


+---------------------------------------------------------+
; Parameter Settings for User Entity Instance: DAC:inst14 ;
+----------------+-------+--------------------------------+
; Parameter Name ; Value ; Type                           ;
+----------------+-------+--------------------------------+
; nbit           ; 31    ; Signed Integer                 ;
+----------------+-------+--------------------------------+
Note: In order to hide this table in the UI and the text report file, please set the "Show Parameter Settings in Synthesis Report" option in "Analysis and Synthesis Settings -> More Settings" to "Off".


+---------------------------------------------------------+
; Parameter Settings for User Entity Instance: DivF:inst4 ;
+----------------+---------+------------------------------+
; Parameter Name ; Value   ; Type                         ;
+----------------+---------+------------------------------+
; frec           ; 2499999 ; Signed Integer               ;
+----------------+---------+------------------------------+
Note: In order to hide this table in the UI and the text report file, please set the "Show Parameter Settings in Synthesis Report" option in "Analysis and Synthesis Settings -> More Settings" to "Off".


+---------------------------------------------------------+
; Parameter Settings for User Entity Instance: DivF:inst5 ;
+----------------+--------+-------------------------------+
; Parameter Name ; Value  ; Type                          ;
+----------------+--------+-------------------------------+
; frec           ; 249999 ; Signed Integer                ;
+----------------+--------+-------------------------------+
Note: In order to hide this table in the UI and the text report file, please set the "Show Parameter Settings in Synthesis Report" option in "Analysis and Synthesis Settings -> More Settings" to "Off".


+---------------------------------------------------------+
; Parameter Settings for User Entity Instance: DivF:inst6 ;
+----------------+-------+--------------------------------+
; Parameter Name ; Value ; Type                           ;
+----------------+-------+--------------------------------+
; frec           ; 24999 ; Signed Integer                 ;
+----------------+-------+--------------------------------+
Note: In order to hide this table in the UI and the text report file, please set the "Show Parameter Settings in Synthesis Report" option in "Analysis and Synthesis Settings -> More Settings" to "Off".


+---------------------------------------------------------+
; Parameter Settings for User Entity Instance: DivF:inst7 ;
+----------------+-------+--------------------------------+
; Parameter Name ; Value ; Type                           ;
+----------------+-------+--------------------------------+
; frec           ; 2499  ; Signed Integer                 ;
+----------------+-------+--------------------------------+
Note: In order to hide this table in the UI and the text report file, please set the "Show Parameter Settings in Synthesis Report" option in "Analysis and Synthesis Settings -> More Settings" to "Off".


+-----------------------------------------------------+
; Post-Synthesis Netlist Statistics for Top Partition ;
+-----------------------+-----------------------------+
; Type                  ; Count                       ;
+-----------------------+-----------------------------+
; boundary_port         ; 5                           ;
; cycloneiii_lcell_comb ; 1                           ;
;     normal            ; 1                           ;
;         0 data inputs ; 1                           ;
;                       ;                             ;
; Max LUT depth         ; 0.00                        ;
; Average LUT depth     ; 0.00                        ;
+-----------------------+-----------------------------+


+-------------------------------+
; Elapsed Time Per Partition    ;
+----------------+--------------+
; Partition Name ; Elapsed Time ;
+----------------+--------------+
; Top            ; 00:00:00     ;
+----------------+--------------+


+-------------------------------+
; Analysis & Synthesis Messages ;
+-------------------------------+
Info: *******************************************************************
Info: Running Quartus Prime Analysis & Synthesis
    Info: Version 22.1std.0 Build 915 10/25/2022 SC Lite Edition
    Info: Processing started: Tue Mar  5 01:15:01 2024
Info: Command: quartus_map --read_settings_files=on --write_settings_files=off Practica4 -c Practica4
Warning (18236): Number of processors has not been specified which may cause overloading on shared machines.  Set the global assignment NUM_PARALLEL_PROCESSORS in your QSF to an appropriate value for best performance.
Info (20030): Parallel compilation is enabled and will use 12 of the 12 processors detected
Info (12021): Found 2 design units, including 1 entities, in source file suma.vhd
    Info (12022): Found design unit 1: suma-BEAS File: C:/Users/crisb/OneDrive/Documentos -/Uni/7mo y 8vo semestre/Diseno digital VLSI/Quartus/Practica 4/suma.vhd Line: 13
    Info (12023): Found entity 1: suma File: C:/Users/crisb/OneDrive/Documentos -/Uni/7mo y 8vo semestre/Diseno digital VLSI/Quartus/Practica 4/suma.vhd Line: 4
Info (12021): Found 2 design units, including 1 entities, in source file lut.vhd
    Info (12022): Found design unit 1: lut-BEAS File: C:/Users/crisb/OneDrive/Documentos -/Uni/7mo y 8vo semestre/Diseno digital VLSI/Quartus/Practica 4/lut.vhd Line: 10
    Info (12023): Found entity 1: lut File: C:/Users/crisb/OneDrive/Documentos -/Uni/7mo y 8vo semestre/Diseno digital VLSI/Quartus/Practica 4/lut.vhd Line: 5
Info (12021): Found 2 design units, including 1 entities, in source file divf.vhd
    Info (12022): Found design unit 1: DivF-BEAS File: C:/Users/crisb/OneDrive/Documentos -/Uni/7mo y 8vo semestre/Diseno digital VLSI/Quartus/Practica 4/DivF.vhd Line: 13
    Info (12023): Found entity 1: DivF File: C:/Users/crisb/OneDrive/Documentos -/Uni/7mo y 8vo semestre/Diseno digital VLSI/Quartus/Practica 4/DivF.vhd Line: 4
Info (12021): Found 2 design units, including 1 entities, in source file dac.vhd
    Info (12022): Found design unit 1: DAC-BEAS File: C:/Users/crisb/OneDrive/Documentos -/Uni/7mo y 8vo semestre/Diseno digital VLSI/Quartus/Practica 4/DAC.vhd Line: 12
    Info (12023): Found entity 1: DAC File: C:/Users/crisb/OneDrive/Documentos -/Uni/7mo y 8vo semestre/Diseno digital VLSI/Quartus/Practica 4/DAC.vhd Line: 5
Info (12021): Found 2 design units, including 1 entities, in source file cont.vhd
    Info (12022): Found design unit 1: Cont-BHV File: C:/Users/crisb/OneDrive/Documentos -/Uni/7mo y 8vo semestre/Diseno digital VLSI/Quartus/Practica 4/Cont.vhd Line: 9
    Info (12023): Found entity 1: Cont File: C:/Users/crisb/OneDrive/Documentos -/Uni/7mo y 8vo semestre/Diseno digital VLSI/Quartus/Practica 4/Cont.vhd Line: 4
Info (12021): Found 1 design units, including 1 entities, in source file practica4.bdf
    Info (12023): Found entity 1: Practica4
Info (12127): Elaborating entity "Practica4" for the top level hierarchy
Info (12128): Elaborating entity "DAC" for hierarchy "DAC:inst14"
Warning (10639): VHDL warning at DAC.vhd(25): constant value overflow File: C:/Users/crisb/OneDrive/Documentos -/Uni/7mo y 8vo semestre/Diseno digital VLSI/Quartus/Practica 4/DAC.vhd Line: 25
Info (12128): Elaborating entity "suma" for hierarchy "suma:inst17"
Warning (10445): VHDL Subtype or Type Declaration warning at suma.vhd(10): subtype or type has null range File: C:/Users/crisb/OneDrive/Documentos -/Uni/7mo y 8vo semestre/Diseno digital VLSI/Quartus/Practica 4/suma.vhd Line: 10
Warning (10296): VHDL warning at suma.vhd(17): ignored assignment of value to null range File: C:/Users/crisb/OneDrive/Documentos -/Uni/7mo y 8vo semestre/Diseno digital VLSI/Quartus/Practica 4/suma.vhd Line: 17
Info (12128): Elaborating entity "lut" for hierarchy "lut:inst8"
Info (12128): Elaborating entity "Cont" for hierarchy "Cont:inst"
Info (12128): Elaborating entity "DivF" for hierarchy "DivF:inst4"
Info (12128): Elaborating entity "DivF" for hierarchy "DivF:inst5"
Info (12128): Elaborating entity "DivF" for hierarchy "DivF:inst6"
Info (12128): Elaborating entity "DivF" for hierarchy "DivF:inst7"
Warning (13024): Output pins are stuck at VCC or GND
    Warning (13410): Pin "Filtro" is stuck at GND
Info (16010): Generating hard_block partition "hard_block:auto_generated_inst"
    Info (16011): Adding 0 node(s), including 0 DDIO, 0 PLL, 0 transceiver and 0 LCELL
Warning (21074): Design contains 4 input pin(s) that do not drive logic
    Warning (15610): No output dependent on input pin "CLK_MST"
    Warning (15610): No output dependent on input pin "RES"
    Warning (15610): No output dependent on input pin "sel[1]"
    Warning (15610): No output dependent on input pin "sel[0]"
Info (21057): Implemented 5 device resources after synthesis - the final resource count might be different
    Info (21058): Implemented 4 input pins
    Info (21059): Implemented 1 output pins
Info: Quartus Prime Analysis & Synthesis was successful. 0 errors, 11 warnings
    Info: Peak virtual memory: 4808 megabytes
    Info: Processing ended: Tue Mar  5 01:15:10 2024
    Info: Elapsed time: 00:00:09
    Info: Total CPU time (on all processors): 00:00:04


