------------------------------------------------------------
Timing Analyzer Summary
------------------------------------------------------------

Type  : Slow 1200mV 85C Model Setup 'CLK'
Slack : -4.220
TNS   : -49.874

Type  : Slow 1200mV 85C Model Setup 'divf:inst2|CLK'
Slack : -0.849
TNS   : -3.386

Type  : Slow 1200mV 85C Model Hold 'divf:inst2|CLK'
Slack : 0.348
TNS   : 0.000

Type  : Slow 1200mV 85C Model Hold 'CLK'
Slack : 0.425
TNS   : 0.000

Type  : Slow 1200mV 85C Model Minimum Pulse Width 'CLK'
Slack : -3.000
TNS   : -39.478

Type  : Slow 1200mV 85C Model Minimum Pulse Width 'divf:inst2|CLK'
Slack : -1.403
TNS   : -5.612

Type  : Slow 1200mV 0C Model Setup 'CLK'
Slack : -3.837
TNS   : -43.142

Type  : Slow 1200mV 0C Model Setup 'divf:inst2|CLK'
Slack : -0.689
TNS   : -2.744

Type  : Slow 1200mV 0C Model Hold 'divf:inst2|CLK'
Slack : 0.312
TNS   : 0.000

Type  : Slow 1200mV 0C Model Hold 'CLK'
Slack : 0.392
TNS   : 0.000

Type  : Slow 1200mV 0C Model Minimum Pulse Width 'CLK'
Slack : -3.000
TNS   : -39.478

Type  : Slow 1200mV 0C Model Minimum Pulse Width 'divf:inst2|CLK'
Slack : -1.403
TNS   : -5.612

Type  : Fast 1200mV 0C Model Setup 'CLK'
Slack : -1.302
TNS   : -6.982

Type  : Fast 1200mV 0C Model Setup 'divf:inst2|CLK'
Slack : 0.233
TNS   : 0.000

Type  : Fast 1200mV 0C Model Hold 'divf:inst2|CLK'
Slack : 0.151
TNS   : 0.000

Type  : Fast 1200mV 0C Model Hold 'CLK'
Slack : 0.169
TNS   : 0.000

Type  : Fast 1200mV 0C Model Minimum Pulse Width 'CLK'
Slack : -3.000
TNS   : -29.895

Type  : Fast 1200mV 0C Model Minimum Pulse Width 'divf:inst2|CLK'
Slack : -1.000
TNS   : -4.000

------------------------------------------------------------
